
> react-example@0.0.0 build
> vite build && esbuild server.ts --bundle --platform=node --format=cjs --packages=external --sourcemap --outfile=dist/server.cjs

[36mvite v6.4.2 [32mbuilding for production...[36m[39m
transforming...
[32mΓ£ô[39m 1677 modules transformed.
rendering chunks...
computing gzip size...
[2mdist/[22m[32mindex.html                 [39m[1m[2m  0.44 kB[22m[1m[22m[2m Γöé gzip:   0.30 kB[22m
[2mdist/[22m[35massets/index-oYo7k83E.css  [39m[1m[2m 80.02 kB[22m[1m[22m[2m Γöé gzip:  12.03 kB[22m
[2mdist/[22m[36massets/index-OI0WTLSB.js   [39m[1m[2m435.46 kB[22m[1m[22m[2m Γöé gzip: 118.05 kB[22m
[32mΓ£ô built in 12.99s[39m
node.exe : 
At line:1 char:1
+ & "C:\Program Files\nodejs/node.exe" "C:\Program Files\nodejs/node_mo ...
+ ~~~~~~~~~~~~~~~~~~~~~~~~~~~~~~~~~~~~~~~~~~~~~~~~~~~~~~~~~~~~~~~~~~~~~
    + CategoryInfo          : NotSpecified: (:String) [], RemoteException
    + FullyQualifiedErrorId : NativeCommandError
 
  dist\server.cjs      62.9kb
  dist\server.cjs.map  90.6kb

Done in 85ms
